// Jest Snapshot v1, https://goo.gl/fbAQLP

exports[`should match snapshopt 1`] = `
<DocumentFragment>
  <nav
    class="navbarContainer"
  >
    <div
      class="ui mini basic attached segment"
      fluid="true"
    >
      <div
        class="ui grid"
      >
        <div
          class="six wide column"
        >
          <img
            alt="logo"
            src="test-file-stub"
            width="300rem"
          />
        </div>
        <div
          class="center aligned five wide column"
        >
          <div
            basic="true"
            centered="true"
            class="ui secondary menu"
          >
            <a
              href="/"
            >
              <div
                class="item"
                role="menuitem"
              >
                Home
              </div>
            </a>
            <a
              href="/learn"
            >
              <div
                class="item"
                role="menuitem"
              >
                Learn
              </div>
            </a>
            <a
              href="/about"
            >
              <div
                class="item"
                role="menuitem"
              >
                About
              </div>
            </a>
            <a
              href="/analytics"
            >
              <div
                class="item"
                role="menuitem"
              >
                Analytics
              </div>
            </a>
          </div>
        </div>
        <div
          class="right aligned five wide column"
        >
          <div
            class="ui buttons"
          >
            <a
              href="/login"
            >
              <button
                class="ui button"
              >
                Login
              </button>
            </a>
            <div
              class="or"
              data-text="or"
            />
            <a
              href="/signup"
            >
              <button
                class="ui blue button"
              >
                SignUp
              </button>
            </a>
          </div>
        </div>
      </div>
    </div>
  </nav>
  <div
    class="container"
  >
    <div
      class="ui blue huge center aligned header"
    >
      <div
        class="content"
      >
        404!
      </div>
      <div
        class="sub header"
        color="blue"
      >
        Oops! This page could not be found!
      </div>
      <a
        href="/"
      >
        <button
          class="ui blue circular button"
        >
          Go to Homepage
        </button>
      </a>
    </div>
  </div>
</DocumentFragment>
`;
